<html>
<body>
<pre>
<h1>�Vision Build Log</h1>
<h2>Tool Versions:</h2>
IDE-Version: ��Vision V5.26.2.0
Copyright (C) 2018 ARM Ltd and ARM Germany GmbH. All rights reserved.
License Information: a a, a, LIC=03C6R-K7Z8C-NN9AF-6C86L-CSL4T-49Y3A
 
Tool Versions:
Toolchain:       MDK-ARM Plus  Version: 5.26.2.0
Toolchain Path:  C:\Keil_v5\ARM\ARMCC\Bin
C Compiler:      Armcc.exe V5.06 update 6 (build 750)
Assembler:       Armasm.exe V5.06 update 6 (build 750)
Linker/Locator:  ArmLink.exe V5.06 update 6 (build 750)
Library Manager: ArmAr.exe V5.06 update 6 (build 750)
Hex Converter:   FromElf.exe V5.06 update 6 (build 750)
CPU DLL:         SARMCM3.DLL V5.26.2.0
Dialog DLL:      DCM.DLL V1.17.2.0
Target DLL:      STLink\ST-LINKIII-KEIL_SWO.dll V3.0.5.0
Dialog DLL:      TCM.DLL V1.36.1.0
 
<h2>Project:</h2>
C:\Users\30980\Desktop\����\test\control\Project.uvprojx
Project File Date:  05/10/2025

<h2>Output:</h2>
*** Using Compiler 'V5.06 update 6 (build 750)', folder: 'C:\Keil_v5\ARM\ARMCC\Bin'
Rebuild target 'Target 1'
assembling startup_stm32f10x_md.s...
compiling core_cm3.c...
compiling stm32f10x_dma.c...
compiling stm32f10x_dac.c...
compiling stm32f10x_dbgmcu.c...
compiling stm32f10x_fsmc.c...
compiling stm32f10x_crc.c...
compiling stm32f10x_adc.c...
compiling stm32f10x_cec.c...
compiling misc.c...
compiling stm32f10x_exti.c...
compiling system_stm32f10x.c...
compiling stm32f10x_bkp.c...
compiling stm32f10x_can.c...
compiling stm32f10x_gpio.c...
compiling stm32f10x_flash.c...
compiling stm32f10x_i2c.c...
compiling stm32f10x_iwdg.c...
compiling stm32f10x_pwr.c...
compiling stm32f10x_rcc.c...
compiling stm32f10x_rtc.c...
compiling stm32f10x_wwdg.c...
compiling stm32f10x_spi.c...
compiling stm32f10x_sdio.c...
compiling stm32f10x_usart.c...
compiling timer.c...
timer.c(39): warning:  #870-D: invalid multibyte character sequence
      printf("定时�?3初始化完成\r\n");
timer.c(83): warning:  #870-D: invalid multibyte character sequence
      printf("电机%d开始运�?: 方向=%d, 脉冲�?=%d, 速度=%d(映射�?%d RPM), 细分=%d\r\n", 
timer.c(83): warning:  #870-D: invalid multibyte character sequence
      printf("电机%d开始运�?: 方向=%d, 脉冲�?=%d, 速度=%d(映射�?%d RPM), 细分=%d\r\n", 
timer.c(83): warning:  #870-D: invalid multibyte character sequence
      printf("电机%d开始运�?: 方向=%d, 脉冲�?=%d, 速度=%d(映射�?%d RPM), 细分=%d\r\n", 
timer.c(100): warning:  #870-D: invalid multibyte character sequence
      printf("设置定时�?: 速度=%d(映射�?%d RPM), arr=%d, psc=%d\r\n", 
timer.c(100): warning:  #870-D: invalid multibyte character sequence
      printf("设置定时�?: 速度=%d(映射�?%d RPM), arr=%d, psc=%d\r\n", 
timer.c: 6 warnings, 0 errors
compiling stm32f10x_it.c...
compiling delay.c...
compiling interpolation.c...
compiling main.c...
User\main.c(69): warning:  #870-D: invalid multibyte character sequence
  				printf("等待新命�?...\r\n");
User\main.c(85): warning:  #870-D: invalid multibyte character sequence
  			printf("接收状�?: 0x%04X\r\n", USART_RX_STA); // 打印接收状�?
User\main.c(149): warning:  #870-D: invalid multibyte character sequence
  						printf("解析结果: 脉冲�?=%d, 速度=%d, 方向=%d, 细分=%d\r\n", 
User\main.c(107): warning:  #546-D: transfer of control bypasses initialization of:
            variable "test_confirm"  (declared at line 187)
  			switch(Simbol)
  			^
User\main.c(211): warning:  #870-D: invalid multibyte character sequence
  			printf("等待新命�?...\r\n");
User\main.c(31): warning:  #177-D: variable "s1"  was declared but never referenced
  	u16 s1=0,s2=0,s3=0;
User\main.c(31): warning:  #177-D: variable "s2"  was declared but never referenced
  	u16 s1=0,s2=0,s3=0;
User\main.c(31): warning:  #177-D: variable "s3"  was declared but never referenced
  	u16 s1=0,s2=0,s3=0;
User\main.c(235): warning:  #870-D: invalid multibyte character sequence
       printf("开始线性插�?: XEnd=%d, YEnd=%d, 总步�?=%d, 细分=%d\r\n", XEnd, YEnd, StepMount, subdivide);
User\main.c(235): warning:  #870-D: invalid multibyte character sequence
       printf("开始线性插�?: XEnd=%d, YEnd=%d, 总步�?=%d, 细分=%d\r\n", XEnd, YEnd, StepMount, subdivide);
User\main.c(298): warning:  #870-D: invalid multibyte character sequence
       printf("\r\n线性插补完成，共执�?%d步\r\n", StepCount);
User\main.c: 11 warnings, 0 errors
compiling stm32f10x_tim.c...
compiling usart.c...
usart.c(190): warning:  #870-D: invalid multibyte character sequence
                      printf("\r\n无效的象限�?: %d\r\n", protocolData.quadrant);
usart.c(241): warning:  #870-D: invalid multibyte character sequence
                          printf("\r\n无效的象限�?: %d\r\n", protocolData.quadrant);
usart.c(279): warning:  #870-D: invalid multibyte character sequence
                          printf("\r\n无效的象限�?: %d\r\n", protocolData.quadrant);
usart.c: 3 warnings, 0 errors
compiling sys.c...
compiling bujin.c...
compiling chabu.c...
chabu.c(75): warning:  #223-D: function "Bujin1_Move" declared implicitly
                   Bujin1_Move(1,1,Fi);
chabu.c(104): warning:  #223-D: function "Bujin2_Move" declared implicitly
  								 Bujin2_Move(1,1,Fi);
chabu.c(164): warning:  #223-D: function "Bujin1_Move" declared implicitly
                      Bujin1_Move(0,1,Fi);
chabu.c(170): warning:  #223-D: function "Bujin2_Move" declared implicitly
                      Bujin2_Move(0,1,Fi);
chabu.c(195): warning:  #223-D: function "Bujin2_Move" declared implicitly
                      Bujin2_Move(0,1,Fi);
chabu.c(200): warning:  #223-D: function "Bujin1_Move" declared implicitly
                      Bujin1_Move(1,1,Fi);
chabu.c(225): warning:  #223-D: function "Bujin2_Move" declared implicitly
  									Bujin2_Move(1,1,Fi);
chabu.c(230): warning:  #223-D: function "Bujin1_Move" declared implicitly
  									Bujin1_Move(0,1,Fi);
chabu.c(253): warning:  #223-D: function "Bujin1_Move" declared implicitly
  									Bujin1_Move(1,1,Fi);
chabu.c(258): warning:  #223-D: function "Bujin2_Move" declared implicitly
  									Bujin2_Move(1,1,Fi);
chabu.c(284): warning:  #1-D: last line of file ends without a newline
  		
chabu.c: 11 warnings, 0 errors
linking...
Program Size: Code=11756 RO-data=1308 RW-data=64 ZI-data=2000  
".\Objects\Project.axf" - 0 Error(s), 31 Warning(s).

<h2>Software Packages used:</h2>

Package Vendor: Keil
                http://www.keil.com/pack/Keil.STM32F1xx_DFP.2.1.0.pack
                Keil.STM32F1xx_DFP.2.1.0
                STMicroelectronics STM32F1 Series Device Support, Drivers and Examples

<h2>Collection of Component include folders:</h2>
  .\RTE\_Target_1
  C:\Keil_v5\ARM\PACK\Keil\STM32F1xx_DFP\2.1.0\Device\Include

<h2>Collection of Component Files used:</h2>
Build Time Elapsed:  00:00:02
</pre>
</body>
</html>
